This is pdfTeX, Version 3.141592653-2.6-1.40.24 (MiKTeX 22.1) (preloaded format=latex 2025.3.26)  2 APR 2025 15:31
entering extended mode
 restricted \write18 enabled.
 %&-line parsing enabled.
**./media/Tex/dda452bdf6dc1d17.tex
(media/Tex/dda452bdf6dc1d17.tex
LaTeX2e <2024-11-01> patch level 2
L3 programming layer <2025-01-18>

(/Users/viktorashi/Library/Application Support/MiKTeX/texmfs/install/tex/latex/
standalone/standalone.cls
Document Class: standalone 2022/10/10 v1.3b Class to compile TeX sub-files stan
dalone

(/Users/viktorashi/Library/Application Support/MiKTeX/texmfs/install/tex/latex/
tools/shellesc.sty
Package: shellesc 2023/07/08 v1.0d unified shell escape interface for LaTeX
Package shellesc Info: Restricted shell escape enabled on input line 77.
)
(/Users/viktorashi/Library/Application Support/MiKTeX/texmfs/install/tex/generi
c/iftex/ifluatex.sty
Package: ifluatex 2019/10/25 v1.5 ifluatex legacy package. Use iftex instead.

(/Users/viktorashi/Library/Application Support/MiKTeX/texmfs/install/tex/generi
c/iftex/iftex.sty
Package: iftex 2024/12/12 v1.0g TeX engine tests
))
(/Users/viktorashi/Library/Application Support/MiKTeX/texmfs/install/tex/latex/
xkeyval/xkeyval.sty
Package: xkeyval 2022/06/16 v2.9 package option processing (HA)

(/Users/viktorashi/Library/Application Support/MiKTeX/texmfs/install/tex/generi
c/xkeyval/xkeyval.tex
(/Users/viktorashi/Library/Application Support/MiKTeX/texmfs/install/tex/generi
c/xkeyval/xkvutils.tex
\XKV@toks=\toks17
\XKV@tempa@toks=\toks18

(/Users/viktorashi/Library/Application Support/MiKTeX/texmfs/install/tex/generi
c/xkeyval/keyval.tex))
\XKV@depth=\count196
File: xkeyval.tex 2014/12/03 v2.7a key=value parser (HA)
))
\sa@internal=\count197
\c@sapage=\count198

(/Users/viktorashi/Library/Application Support/MiKTeX/texmfs/install/tex/latex/
standalone/standalone.cfg
File: standalone.cfg 2022/10/10 v1.3b Default configuration file for 'standalon
e' class
)
(/Users/viktorashi/Library/Application Support/MiKTeX/texmfs/install/tex/latex/
base/article.cls
Document Class: article 2024/06/29 v1.4n Standard LaTeX document class

(/Users/viktorashi/Library/Application Support/MiKTeX/texmfs/install/tex/latex/
base/size10.clo
File: size10.clo 2024/06/29 v1.4n Standard LaTeX file (size option)
)
\c@part=\count199
\c@section=\count266
\c@subsection=\count267
\c@subsubsection=\count268
\c@paragraph=\count269
\c@subparagraph=\count270
\c@figure=\count271
\c@table=\count272
\abovecaptionskip=\skip49
\belowcaptionskip=\skip50
\bibindent=\dimen141
)
(/Users/viktorashi/Library/Application Support/MiKTeX/texmfs/install/tex/latex/
preview/preview.sty
Package: preview 2024/06/30 14.0.6 (AUCTeX/preview-latex)

(/Users/viktorashi/Library/Application Support/MiKTeX/texmfs/install/tex/latex/
luatex85/luatex85.sty
Package: luatex85 2016/06/15 v1.4 pdftex aliases for luatex
)
(/Users/viktorashi/Library/Application Support/MiKTeX/texmfs/install/tex/latex/
preview/prtightpage.def
\PreviewBorder=\dimen142
)
\pr@snippet=\count273
\pr@box=\box52
\pr@output=\toks19
))
(/Users/viktorashi/Library/Application Support/MiKTeX/texmfs/install/tex/generi
c/babel/babel.sty
Package: babel 2025/02/14 v25.4 The multilingual framework for pdfLaTeX, LuaLaT
eX and XeLaTeX
\babel@savecnt=\count274
\U@D=\dimen143
\l@unhyphenated=\language1

(/Users/viktorashi/Library/Application Support/MiKTeX/texmfs/install/tex/generi
c/babel/txtbabel.def)
\bbl@readstream=\read2
\bbl@dirlevel=\count275
*************************************
* Local config file bblopts.cfg used
*

(/Users/viktorashi/Library/Application Support/MiKTeX/texmfs/install/tex/latex/
arabi/bblopts.cfg
File: bblopts.cfg 2005/09/08 v0.1 add Arabic and Farsi to "declared" options of
 babel
)
(/Users/viktorashi/Library/Application Support/MiKTeX/texmfs/install/tex/latex/
babel-english/english.ldf
Language: english 2017/06/06 v3.3r English support from the babel system
))
(/Users/viktorashi/Library/Application Support/MiKTeX/texmfs/install/tex/generi
c/babel/locale/en/babel-english.tex
Package babel Info: Importing font and identification data for english
(babel)             from babel-en.ini. Reported on input line 11.
)
(/Users/viktorashi/Library/Application Support/MiKTeX/texmfs/install/tex/latex/
amsmath/amsmath.sty
Package: amsmath 2024/11/05 v2.17t AMS math features
\@mathmargin=\skip51
For additional information on amsmath, use the `?' option.

(/Users/viktorashi/Library/Application Support/MiKTeX/texmfs/install/tex/latex/
amsmath/amstext.sty
Package: amstext 2021/08/26 v2.01 AMS text

(/Users/viktorashi/Library/Application Support/MiKTeX/texmfs/install/tex/latex/
amsmath/amsgen.sty
File: amsgen.sty 1999/11/30 v2.0 generic functions
\@emptytoks=\toks20
\ex@=\dimen144
))
(/Users/viktorashi/Library/Application Support/MiKTeX/texmfs/install/tex/latex/
amsmath/amsbsy.sty
Package: amsbsy 1999/11/29 v1.2d Bold Symbols
\pmbraise@=\dimen145
)
(/Users/viktorashi/Library/Application Support/MiKTeX/texmfs/install/tex/latex/
amsmath/amsopn.sty
Package: amsopn 2022/04/08 v2.04 operator names
)
\inf@bad=\count276
LaTeX Info: Redefining \frac on input line 233.
\uproot@=\count277
\leftroot@=\count278
LaTeX Info: Redefining \overline on input line 398.
LaTeX Info: Redefining \colon on input line 409.
\classnum@=\count279
\DOTSCASE@=\count280
LaTeX Info: Redefining \ldots on input line 495.
LaTeX Info: Redefining \dots on input line 498.
LaTeX Info: Redefining \cdots on input line 619.
\Mathstrutbox@=\box53
\strutbox@=\box54
LaTeX Info: Redefining \big on input line 719.
LaTeX Info: Redefining \Big on input line 720.
LaTeX Info: Redefining \bigg on input line 721.
LaTeX Info: Redefining \Bigg on input line 722.
\big@size=\dimen146
LaTeX Font Info:    Redeclaring font encoding OML on input line 740.
LaTeX Font Info:    Redeclaring font encoding OMS on input line 741.
\macc@depth=\count281
LaTeX Info: Redefining \bmod on input line 896.
LaTeX Info: Redefining \pmod on input line 901.
LaTeX Info: Redefining \smash on input line 931.
LaTeX Info: Redefining \relbar on input line 961.
LaTeX Info: Redefining \Relbar on input line 962.
)
Runaway argument?
{\AtBeginDocument {\expandafter \let \csname overleftarrow \endcsname \ETC.
! File ended while scanning use of \@argdef.
<inserted text> 
                \par 
l.4 \usepackage
               {amssymb} 
Here is how much of TeX's memory you used:
 2638 strings out of 475467
 45612 string characters out of 5764022
 438938 words of memory out of 5000000
 25633 multiletter control sequences out of 15000+600000
 558837 words of font info for 36 fonts, out of 8000000 for 9000
 0 hyphenation exceptions out of 8191
 70i,0n,71p,234b,103s stack positions out of 10000i,1000n,20000p,200000b,200000s

No pages of output.
